// Jest Snapshot v1, https://goo.gl/fbAQLP

exports[`Test for Button Render Button component 1`] = `
<styled.button
  disabled={false}
>
  Submit
</styled.button>
`;
